[dotenv@17.3.1] injecting env (4) from .env.local -- tip: ≡ƒ¢í∩╕Å auth for agents: https://vestauth.com
1. Testing Read...
READ SUCCESS: Anyone can read levels! [
  {
    id: 1,
    title: 'Test10',
    description: '',
    author: 'youssef',
    data: '[{"id":"floor--10--3","position":[-10,-1,-3],"type":"ground"},{"id":"floor--10--2","position":[-10,-1,-2],"type":"ground"},{"id":"floor--10--1","position":[-10,-1,-1],"type":"ground"},{"id":"floor--10-0","position":[-10,-1,0],"type":"ground"},{"id":"floor--10-1","position":[-10,-1,1],"type":"ground"},{"id":"floor--10-2","position":[-10,-1,2],"type":"ground"},{"id":"floor--10-3","position":[-10,-1,3],"type":"ground"},{"id":"floor--9--3","position":[-9,-1,-3],"type":"ground"},{"id":"floor--9--2","position":[-9,-1,-2],"type":"ground"},{"id":"floor--9--1","position":[-9,-1,-1],"type":"ground"},{"id":"floor--9-0","position":[-9,-1,0],"type":"ground"},{"id":"floor--9-1","position":[-9,-1,1],"type":"ground"},{"id":"floor--9-2","position":[-9,-1,2],"type":"ground"},{"id":"floor--9-3","position":[-9,-1,3],"type":"ground"},{"id":"floor--8--3","position":[-8,-1,-3],"type":"ground"},{"id":"floor--8--2","position":[-8,-1,-2],"type":"ground"},{"id":"floor--8--1","position":[-8,-1,-1],"type":"ground"},{"id":"floor--8-0","position":[-8,-1,0],"type":"ground"},{"id":"floor--8-1","position":[-8,-1,1],"type":"ground"},{"id":"floor--8-2","position":[-8,-1,2],"type":"ground"},{"id":"floor--8-3","position":[-8,-1,3],"type":"ground"},{"id":"floor--7--3","position":[-7,-1,-3],"type":"ground"},{"id":"floor--7--2","position":[-7,-1,-2],"type":"ground"},{"id":"floor--7--1","position":[-7,-1,-1],"type":"ground"},{"id":"floor--7-0","position":[-7,-1,0],"type":"ground"},{"id":"floor--7-1","position":[-7,-1,1],"type":"ground"},{"id":"floor--7-2","position":[-7,-1,2],"type":"ground"},{"id":"floor--7-3","position":[-7,-1,3],"type":"ground"},{"id":"floor--6--3","position":[-6,-1,-3],"type":"ground"},{"id":"floor--6--2","position":[-6,-1,-2],"type":"ground"},{"id":"floor--6--1","position":[-6,-1,-1],"type":"ground"},{"id":"floor--6-0","position":[-6,-1,0],"type":"ground"},{"id":"floor--6-1","position":[-6,-1,1],"type":"ground"},{"id":"floor--6-2","position":[-6,-1,2],"type":"ground"},{"id":"floor--6-3","position":[-6,-1,3],"type":"ground"},{"id":"floor--5--3","position":[-5,-1,-3],"type":"ground"},{"id":"floor--5--2","position":[-5,-1,-2],"type":"ground"},{"id":"floor--5--1","position":[-5,-1,-1],"type":"ground"},{"id":"floor--5-0","position":[-5,-1,0],"type":"ground"},{"id":"floor--5-1","position":[-5,-1,1],"type":"ground"},{"id":"floor--5-2","position":[-5,-1,2],"type":"ground"},{"id":"floor--5-3","position":[-5,-1,3],"type":"ground"},{"id":"floor--4--3","position":[-4,-1,-3],"type":"ground"},{"id":"floor--4--2","position":[-4,-1,-2],"type":"ground"},{"id":"floor--4--1","position":[-4,-1,-1],"type":"ground"},{"id":"floor--4-0","position":[-4,-1,0],"type":"ground"},{"id":"floor--4-1","position":[-4,-1,1],"type":"ground"},{"id":"floor--4-2","position":[-4,-1,2],"type":"ground"},{"id":"floor--4-3","position":[-4,-1,3],"type":"ground"},{"id":"floor--3--3","position":[-3,-1,-3],"type":"ground"},{"id":"floor--3--2","position":[-3,-1,-2],"type":"ground"},{"id":"floor--3--1","position":[-3,-1,-1],"type":"ground"},{"id":"floor--3-0","position":[-3,-1,0],"type":"ground"},{"id":"floor--3-1","position":[-3,-1,1],"type":"ground"},{"id":"floor--3-2","position":[-3,-1,2],"type":"ground"},{"id":"floor--3-3","position":[-3,-1,3],"type":"ground"},{"id":"floor--2--3","position":[-2,-1,-3],"type":"ground"},{"id":"floor--2--2","position":[-2,-1,-2],"type":"ground"},{"id":"floor--2--1","position":[-2,-1,-1],"type":"ground"},{"id":"floor--2-0","position":[-2,-1,0],"type":"ground"},{"id":"floor--2-1","position":[-2,-1,1],"type":"ground"},{"id":"floor--2-2","position":[-2,-1,2],"type":"ground"},{"id":"floor--2-3","position":[-2,-1,3],"type":"ground"},{"id":"floor-6--3","position":[6,-1,-3],"type":"ground"},{"id":"floor-6--2","position":[6,-1,-2],"type":"ground"},{"id":"floor-6--1","position":[6,-1,-1],"type":"ground"},{"id":"floor-6-0","position":[6,-1,0],"type":"ground"},{"id":"floor-6-1","position":[6,-1,1],"type":"ground"},{"id":"floor-6-2","position":[6,-1,2],"type":"ground"},{"id":"floor-6-3","position":[6,-1,3],"type":"ground"},{"id":"floor-7--3","position":[7,-1,-3],"type":"ground"},{"id":"floor-7--2","position":[7,-1,-2],"type":"ground"},{"id":"floor-7--1","position":[7,-1,-1],"type":"ground"},{"id":"floor-7-0","position":[7,-1,0],"type":"ground"},{"id":"floor-7-1","position":[7,-1,1],"type":"ground"},{"id":"floor-7-2","position":[7,-1,2],"type":"ground"},{"id":"floor-7-3","position":[7,-1,3],"type":"ground"},{"id":"floor-8--3","position":[8,-1,-3],"type":"ground"},{"id":"floor-8--2","position":[8,-1,-2],"type":"ground"},{"id":"floor-8--1","position":[8,-1,-1],"type":"ground"},{"id":"floor-8-0","position":[8,-1,0],"type":"ground"},{"id":"floor-8-1","position":[8,-1,1],"type":"ground"},{"id":"floor-8-2","position":[8,-1,2],"type":"ground"},{"id":"floor-8-3","position":[8,-1,3],"type":"ground"},{"id":"floor-9--3","position":[9,-1,-3],"type":"ground"},{"id":"floor-9--2","position":[9,-1,-2],"type":"ground"},{"id":"floor-9--1","position":[9,-1,-1],"type":"ground"},{"id":"floor-9-0","position":[9,-1,0],"type":"ground"},{"id":"floor-9-1","position":[9,-1,1],"type":"ground"},{"id":"floor-9-2","position":[9,-1,2],"type":"ground"},{"id":"floor-9-3","position":[9,-1,3],"type":"ground"},{"id":"floor-10--3","position":[10,-1,-3],"type":"ground"},{"id":"floor-10--2","position":[10,-1,-2],"type":"ground"},{"id":"floor-10--1","position":[10,-1,-1],"type":"ground"},{"id":"floor-10-0","position":[10,-1,0],"type":"ground"},{"id":"floor-10-1","position":[10,-1,1],"type":"ground"},{"id":"floor-10-2","position":[10,-1,2],"type":"ground"},{"id":"floor-10-3","position":[10,-1,3],"type":"ground"},{"id":"floor-11--3","position":[11,-1,-3],"type":"ground"},{"id":"floor-11--2","position":[11,-1,-2],"type":"ground"},{"id":"floor-11--1","position":[11,-1,-1],"type":"ground"},{"id":"floor-11-0","position":[11,-1,0],"type":"ground"},{"id":"floor-11-1","position":[11,-1,1],"type":"ground"},{"id":"floor-11-2","position":[11,-1,2],"type":"ground"},{"id":"floor-11-3","position":[11,-1,3],"type":"ground"},{"id":"floor-12--3","position":[12,-1,-3],"type":"ground"},{"id":"floor-12--2","position":[12,-1,-2],"type":"ground"},{"id":"floor-12--1","position":[12,-1,-1],"type":"ground"},{"id":"floor-12-0","position":[12,-1,0],"type":"ground"},{"id":"floor-12-1","position":[12,-1,1],"type":"ground"},{"id":"floor-12-2","position":[12,-1,2],"type":"ground"},{"id":"floor-12-3","position":[12,-1,3],"type":"ground"},{"id":"floor-13--3","position":[13,-1,-3],"type":"ground"},{"id":"floor-13--2","position":[13,-1,-2],"type":"ground"},{"id":"floor-13--1","position":[13,-1,-1],"type":"ground"},{"id":"floor-13-0","position":[13,-1,0],"type":"ground"},{"id":"floor-13-1","position":[13,-1,1],"type":"ground"},{"id":"floor-13-2","position":[13,-1,2],"type":"ground"},{"id":"floor-13-3","position":[13,-1,3],"type":"ground"},{"id":"floor-14--3","position":[14,-1,-3],"type":"ground"},{"id":"floor-14--2","position":[14,-1,-2],"type":"ground"},{"id":"floor-14--1","position":[14,-1,-1],"type":"ground"},{"id":"floor-14-0","position":[14,-1,0],"type":"ground"},{"id":"floor-14-1","position":[14,-1,1],"type":"ground"},{"id":"floor-14-2","position":[14,-1,2],"type":"ground"},{"id":"floor-14-3","position":[14,-1,3],"type":"ground"},{"id":"floor-15--3","position":[15,-1,-3],"type":"ground"},{"id":"floor-15--2","position":[15,-1,-2],"type":"ground"},{"id":"floor-15--1","position":[15,-1,-1],"type":"ground"},{"id":"floor-15-0","position":[15,-1,0],"type":"ground"},{"id":"floor-15-1","position":[15,-1,1],"type":"ground"},{"id":"floor-15-2","position":[15,-1,2],"type":"ground"},{"id":"floor-15-3","position":[15,-1,3],"type":"ground"},{"id":"floor-16--3","position":[16,-1,-3],"type":"ground"},{"id":"floor-16--2","position":[16,-1,-2],"type":"ground"},{"id":"floor-16--1","position":[16,-1,-1],"type":"ground"},{"id":"floor-16-0","position":[16,-1,0],"type":"ground"},{"id":"floor-16-1","position":[16,-1,1],"type":"ground"},{"id":"floor-16-2","position":[16,-1,2],"type":"ground"},{"id":"floor-16-3","position":[16,-1,3],"type":"ground"},{"id":"floor-17--3","position":[17,-1,-3],"type":"ground"},{"id":"floor-17--2","position":[17,-1,-2],"type":"ground"},{"id":"floor-17--1","position":[17,-1,-1],"type":"ground"},{"id":"floor-17-0","position":[17,-1,0],"type":"ground"},{"id":"floor-17-1","position":[17,-1,1],"type":"ground"},{"id":"floor-17-2","position":[17,-1,2],"type":"ground"},{"id":"floor-17-3","position":[17,-1,3],"type":"ground"},{"id":"floor-18--3","position":[18,-1,-3],"type":"ground"},{"id":"floor-18--2","position":[18,-1,-2],"type":"ground"},{"id":"floor-18--1","position":[18,-1,-1],"type":"ground"},{"id":"floor-18-0","position":[18,-1,0],"type":"ground"},{"id":"floor-18-1","position":[18,-1,1],"type":"ground"},{"id":"floor-18-2","position":[18,-1,2],"type":"ground"},{"id":"floor-18-3","position":[18,-1,3],"type":"ground"},{"id":"floor-19--3","position":[19,-1,-3],"type":"ground"},{"id":"floor-19--2","position":[19,-1,-2],"type":"ground"},{"id":"floor-19--1","position":[19,-1,-1],"type":"ground"},{"id":"floor-19-0","position":[19,-1,0],"type":"ground"},{"id":"floor-19-1","position":[19,-1,1],"type":"ground"},{"id":"floor-19-2","position":[19,-1,2],"type":"ground"},{"id":"floor-19-3","position":[19,-1,3],"type":"ground"},{"id":"floor-20--3","position":[20,-1,-3],"type":"ground"},{"id":"floor-20--2","position":[20,-1,-2],"type":"ground"},{"id":"floor-20--1","position":[20,-1,-1],"type":"ground"},{"id":"floor-20-0","position":[20,-1,0],"type":"ground"},{"id":"floor-20-1","position":[20,-1,1],"type":"ground"},{"id":"floor-20-2","position":[20,-1,2],"type":"ground"},{"id":"floor-20-3","position":[20,-1,3],"type":"ground"},{"id":"floor-21--3","position":[21,-1,-3],"type":"ground"},{"id":"floor-21--2","position":[21,-1,-2],"type":"ground"},{"id":"floor-21--1","position":[21,-1,-1],"type":"ground"},{"id":"floor-21-0","position":[21,-1,0],"type":"ground"},{"id":"floor-21-1","position":[21,-1,1],"type":"ground"},{"id":"floor-21-2","position":'... 7392 more characters,
    image: 'data:image/jpeg;base64,/9j/4AAQSkZJRgABAQAAAQABAAD/4gHYSUNDX1BST0ZJTEUAAQEAAAHIAAAAAAQwAABtbnRyUkdCIFhZWiAH4AABAAEAAAAAAABhY3NwAAAAAAAAAAAAAAAAAAAAAAAAAAAAAAAAAAAAAQAA9tYAAQAAAADTLQAAAAAAAAAAAAAAAAAAAAAAAAAAAAAAAAAAAAAAAAAAAAAAAAAAAAAAAAAAAAAAAAAAAAlkZXNjAAAA8AAAACRyWFlaAAABFAAAABRnWFlaAAABKAAAABRiWFlaAAABPAAAABR3dHB0AAABUAAAABRyVFJDAAABZAAAAChnVFJDAAABZAAAAChiVFJDAAABZAAAAChjcHJ0AAABjAAAADxtbHVjAAAAAAAAAAEAAAAMZW5VUwAAAAgAAAAcAHMAUgBHAEJYWVogAAAAAAAAb6IAADj1AAADkFhZWiAAAAAAAABimQAAt4UAABjaWFlaIAAAAAAAACSgAAAPhAAAts9YWVogAAAAAAAA9tYAAQAAAADTLXBhcmEAAAAAAAQAAAACZmYAAPKnAAANWQAAE9AAAApbAAAAAAAAAABtbHVjAAAAAAAAAAEAAAAMZW5VUwAAACAAAAAcAEcAbwBvAGcAbABlACAASQBuAGMALgAgADIAMAAxADb/2wBDABALDA4MChAODQ4SERATGCgaGBYWGDEjJR0oOjM9PDkzODdASFxOQERXRTc4UG1RV19iZ2hnPk1xeXBkeFxlZ2P/2wBDARESEhgVGC8aGi9jQjhCY2NjY2NjY2NjY2NjY2NjY2NjY2NjY2NjY2NjY2NjY2NjY2NjY2NjY2NjY2NjY2NjY2P/wAARCAUZCgADASIAAhEBAxEB/8QAGwAAAwEBAQEBAAAAAAAAAAAAAAIDAQQFBgf/xABTEAABAwEEBQgIBQMCBQIEAgsBAAIDERITITEEQVGRkiIyUlNhcaHRBRQjM0KBguFDYqKxwWNy8BU0BiRUk/FEwlVzg7LSFmSj4jUlRXSEpJTT/8QAGgEAAwEBAQEAAAAAAAAAAAAAAAECAwQFBv/EADYRAAICAQMCAwYGAgIDAQEBAAABAhEhEjFRA0EiYfAEEzKRobEUUnGB0eFCwSPxBTNiFYJD/9oADAMBAAIRAxEAPwBbnSLQcZWkjsTWNJ61vCuhC9j3SXd/M4dbOaxpXWM3LbOldNm5Xc4NFSaBJae/mclvSIQ4Jd38w1Pgg52kszfHXUManwSFukNNCWtEhrmcCutjAzLEnMnMokYJGFp1+Cl9JtbjU1wQa3SWijRFRNXStke9UheXNIdz2mhVFUYWsNicvI5rWl9Bm9bb0roR71V0gaaDFx1BZYc/GQ4dEHBLT2TYXyiDZtJcTZjYe0HBDfWAbRia520uXUtT92+8mGvyOa80nqRxDzW3mkdR+oLoWZZp6H+Z/T+Balwc97pHUeIWHSZWkAwGpyFQrW3P93l0j/C1jA3HEk5kqdMntL7Dtd0c75JnHGF9nYCmbNIAANGcAO1dKE9D31fYNS4OV8z3tLXaM+hG1ZHpMlmy6F5c3ArrXPO4RSNl+ThrIUyjKPi1DTTxRh0l4zgk3LPWnObyIX120KrYc/GTAdEfyqJqM33FcV2OVs1g1MMhcdZam9aHVScK6UJqEls/oGpcHMdLaM45OFA0xnQk4V0q7YWxgP0glozDBzj5Iaku/wBAVPscI0ph+F4G0twVW+ktHiaLlr7zW9zcu4K0kzngNADWDJoyU0tM3u/oFxXY5zpsWZtd5CwabCdZ3LpQqqfP0/sVx4Of1yHpIGmQ9NWe5rRVx+6nYMmLxZb0dvepevZP6f2Pw8EJ9KjNkxu5TTWqpHpGjtxvOUcyc1ew2lLIp3KUbGsldGWih5TapaZqV2h3FqjfWoOsG5HrUJ/ECe7YfgbuRdR9W3cr/wCTyJ8IvrMPWBYdJhA54KxzWElrImE6+TgFrdHiaMWNJP5QpvqPah1ES8Y81ke2mpvmqieLK21FxF1TOELPV4eqbuTSmuAuJt9H0270XsfTbvWerw9U3cldo+jtFXMaAnc/IPCUvY+m3ekdMHGyxzRtcSkGjRvIN2Gt2aym9Vg6sbypvqPgPCh2GNgweMcyTmmts6bd6n6rD0PErPVIOh+op+NbJev2DwhI4MlZJaFDyXfwq2m9Ib1E6HCQRZPEVFkMTm2bLjIMCKnBTqnF7LPrgdRaOt8jWCpPcBrSgWzakPc2uSm3Q4w3lWie8rfU4vzcSfje6+ovCu50IXP6nFtdxLPUo+k/eq1T4+oqjydKFzeqRgYveB/ckbowe6ofIGd+aTnJdvqPSuS5cXktjy1u8k7Whgo0fdQGiNAoJZN48kHRNksm9JOe7QeHk6ULn9VPXSb1h0Z2qeRVql+UVLk6Ur3hgx15Aa1zOheygE8hccgt9WkwJnda2qdctlEelcm2S3SWveALeHcf/C6VyP0eWwSJ3EjECmtayKR7GubpBoRXJKLlFtafsNpPudSFzCCYf+oPD90GGfVpH6VeuX5fsTpXJ0qZcXmyzAa3eSg1k7yQJgW7aJhDpDRRszcPyqdbfZj0pdy7WhooBgmXMI9J65vCtsaV1rOFPW/ysNPmdCFzBmldYzcsedJYOewk5CmaPeV2YafM6HvDBU/IbUrGmtp/O1DYoiPSrVomMmmvV4JqaVti8fJLXbtphp8zoQub/m9ke9bXSujHvVe88mLT5jczSeyRviPt+ysuKU6TZD3MZyDawKa80iQFrWMyzBULqJNqmU42WJMhLW80c4/wqAAAACgC5mu0loAELAB2prek9U3emprdp/ITidCFzXmldQOIea280jqP1BV7xcP5MWlnQle4MbU/IDWud2kTNFXQUHegPmt2jA47BUYJPqrt9mPQyzGGtp+Lj4Ki5r+b/p3b1t/L/wBO7ehdSK/6YOLOhC5vWZP+net9Yf8A9PIn72ItDOhScTI4sGDRzj/Ci/SnmrWwvB14VotbPZaAIJQB+UqX1IvFj0NFDRmksoMHtLd2I/lWXHNpBLQbp4LSHYhONLBFbuThSj1IJtWNwlR0oXMdLaM45OFHrjKVLXj6VfvYck6JcF3uDG1OOwbVjGkVc7nHPs7Fz+tMvLTw/DmimSf1yLY7cp97BvLHolwdCFzHTYhna3IGmw9I7lXvYci0S4OlC5/XIeklfpkRbRrsTrOpHvYcholwVd7R1kc0c7t7FRc7dJgY0APyTDS4OmElOHKG4y4LoUfWoOsG5A0qE/iBV7yHItMuAm5L4n7HU3qj3BjSTu2qE88T4XAPBNKjvQ2eN77TngAZD+VGtJtJlaXRaNpaCXc44lOpX8XTC0TxH42q1KKxZLTKIU76Ppt3rb2Ppt3p6lyKmOpH2kln4W4ntKHzNDeS9pJwGK1jo2tDQ9p+eaTaboaTWSiEttnTbvRbZ0m71VoVDIS2m9Ib0Wm7RvRaED3WGk7htWRtstxxccSe1LUPkrXks8SqVG1JZdj2wT0ltYH4YgV3J20c0GgxFVpFQQdanoxrAzsFN2CX+Q+xSyDqCyy3ojcmSvdYaTuG1U6WRCFrXy0sijc8NaewzoN3LI22W0OeZ706SXINiXbD8DdyLqPoN3J0J0gtiXUfQbuSvjjY0mw3cqqZ5cwGpuJ71MkuBpsxkDAwAtBNMStuY+gFRCeiPAtTJ3MfRRcx9HxVEI0x4C2TumbPEqEMTXSyAg2WuOtdLiGtLjkBVR0eofKCcSQ7eFnKK1JUUm6ZS6Z+biKLlu13EVRC00rgm2Tuh0n8RRdDpP4iqIRpQWyL2WGEhz66uUtbDRoFt4psK1/KkY3ZyiqKVFNjt0Tu/wA796Ls9Y/eqIVaUK2Tuz1j/BF27rH+CosRpQWyIY4yn2juSKVw1p7D+tduCIcWWukaqiUYqrG2TsP607gpyNffRcs1qRWmWC6FGbB8R/P/AAUpxVBF5GsSdb+lLIHtjJt1+SspyYljdrq7k5LAJ5MayRoAEgoPyrbMnTbw/dUQnpQrJ0l6beFFJekzcfNUQjSFk/a7WbikF4ZXHk1AAyKupxY2ztd9kmsoaYe1/J4o9r+TxVEJ6fMVk/a7Gbyisuxm8+SohFeYWQlMl26rW0IpgU4Mg+BvF9kTc0Da4DxVFKWdx3g54HSCEUYDifi7VS1J1Y4lmj+5Hef3VUQT0rISeWTtSdX+pFuTqv1KiFVPkVkGufevN2ScMKhPbf1R3hDPeSd4/ZUSinW42ydt3VO3hF47qneCohOnyKyd4erf4eaSaQmMi7eO8K6nP7lymSel5GnkLz8j9yL3+m/cqIVU+RWid5+R+5F6Og/hVEIp8hg55pATHyXc8ZtPatbIBI+odjT4TsTS4ywj8xPgVrffP7QP5WdPV64KxQXrfzcJRfMG3hKohaeInBO+ZtO4ovmD4vAqiEeIMEJZWFmDsQQcu1PfR9ILZRWJw7CmaatB2hLNjxQl9H0wi+j6bd6osT8QsC3sfTbvRex9Nu9NQbAig2BHiDBKN7A94ttoTUYqltnTbvSWWibIYt2bE9lvRG5TGxugts6bd6kxzTpEhqMABmq2GdBu5ShY0ulJaOfQYdiHdoFVMrab0hvSTEBodUckgprqPoN3LHRMLSLDRUbE3qaBUPUbQhSjjjdG0lja0xwTXMfQbuQm3kVIohTuY+gEXMfRCfiDBRTjwc9uw1HzRcx9HxSOiY2VuGBwzUu9xqi6FO5ZsO8ouWDbxFV4hYKIU7pv5uIoum7XcRRb4DAS4AP6Jx7lRTMQIItPx/MVKlmB7i59WAg8pS20x0mPo2MVrpOLvFWUY4bMbW2nCgGRTXX9R+9EbSSoHTZRCnd/nfvRdnrH7wqt8CpBFyS6PonDuVFB7C1zXW3Y4E4J7t3Wu8FMW1ihtdyiFOw7rXbgiw/rTuCq3wKiinLyaSD4c+5Fh/WHcEFkhwvMP7Um21sNDrVGMPxZbxbhlqTWZOsHChSbWwqKIU7MnTbw/dFJem3hTt8BRsjg2JzjqBKTRqtjEbsC0D5pZxJZawuabbgMlsgkbSSreTnQHJZt+K62KSxRdCmL3azcUe1/J4rTV5E0UQp+1/J4o9rsZvKNQUEnJIkGrB3cnSe11hm8pGGRhu6NNBUVOpTqpjqy6FOsvQbxItSdBvF9lWpCooscA5pByKS1L1Y4kWpOrHEjUgoI3HFjucNe0Kig4yEhwjoR2jEJmyOc0ER4HtCSl2G13KpJn2InO1gYLLb+qO8Kcr3OfGy7OJtEVGQ/wJSljAJZKxssRtbsCx/IdeDL4h2bUXjuqdvCLZpjE/wRiqQZHWqDXmM2Sx1Dzck94erfuTU0wcSiFO9/I/ci9/I/cnqQqYzmhzSDkljccWO5zfHtRejoP4Uj32qFrXhzcuSVLkt0NJ7F0KQmaRWjuErb5ux3CVWqPIqZRCnes/NwlF8zaeEo1R5CmY6sbi8CrTzh/KpnkkvWaz4FTbKyN1A7kHLsU6knuOmysj7uNztgqshZYia050x71OWVjnsZawrad3D7ql/F0wjUnK7CnRRK9oc2mWw7Et9H0270X0fTbvVaovuKmaxxJLXc4ePanUnujcARI0OGRqhkzHNxc0HI4pKSWGxtdyqEl4zpt3rbbOm3eqtCpjKThdkuAqw84bO1Pbb0hvRab0hvSdMFgBQiopQraDYFK0IjUGsZ/Sq1G0ITTBoyy3ojciy3ojctrVanSETdExzaWQO0BK2xiHtaHDE4ZjarKGktElmP4nHPYNaiSpWilnAQRtcy25gq/HEZbFS6j6DdyGOJ5LsHBOnGKoG3Yl1H0G7llzH0G7lRCelcCtnO+JjDasAt1jYqCKIioaKFUUiDGbTcW6xs7Qp0pZodtm3MfRRcx9HxTgggEGoK1VpjwK2TumbDvKV0DCOTUO1GpVkIcIvsGpkWtaTZcCHD8xx7k1y3a7iKZ7A8bCMjsStea2H4O1bCppLDQ7fYLodJ/EUXQ6b+IqiFWlCtk7oUpafxLnDPaFwLzGzkihxG0romeWRkt5xwb3rY2CONrBkAolFN0Um0rMDARUSPIPai7PWP3oLSw2mCo1t8kzXB7ajJUktmK2LdnrH+CLt3WP8ABUQnpQrImE1tCR1rbQIbbJsukc12ygxVkrmhwx+RGpJw4Hq5FsP607giy/rPAIDy02ZPk7aqISTB2TsSdb+lBY8iheCP7VRCelCs5y2WICj6t/tqQqAPIBEjSD+X7qimWFptR/NuoqdNDuwpL028KKS9JnD90zHh4qM9YOpaSACTkE6W4rZzy3riIgW8rMgHAJruQEFpY0jDAFNAC6spzfl2DUqqYxvLKbrBEPlLrJDA7Yapva/k8Uzmh4oQktOjwkxbqd5p1W7Fvsb7XYzeUVl2M3lOtVV5isk4SOaQWMI2V+yxpkj54q3sNSFZCWnN2FmAhwqDUFaplhBLozQnMaitY8OwycMwU0+zCuB0IQqECEIQAJXODWlxwAFSmUX+1lEfwtxd2nUFMnSGlZsLTQyP5z9WwagqoQmlSoG7BCEJiBCEIAEIQgAQhCAJ+11Bm8pBJI40a1p7QcAmsOf7w4dEKgAAoBQLOm+5VpEQyStpwa8/3YD5UT1l6DeL7KiE1GtmKydqTqxxfZFqTqxxJ0hkLjSMV7TkEPHca/QlK50bhNYAAFHY5hNbleAWsLWntFU7YhWruU7aUsXs3mE5ZsPZsUU08vDKtUDbTBRsJ3hNbf1R3hUQtNNdyLJ23dU7eEXjuqf4J3ODRVxoFOr5Mqsbt1lJ2u4wM3KsiN5dswSAlxrIx52ADBWYxrBRop/KZLS3uwtLYneU/DfuRe/kfuVEKqfIrRO9HQfwovRra8fSVrpA00zdsGaywXmsmWpupS2+w8dxHTVpYBofislDTGAQQ41FCS04qy1PS+7C0c8MzWAxvJq3I0OIVL5m07ilnBFJWjlMzG0awqghwBBqDiFMdS8I3W4l9GPi8CnjcJK2Tg3FxpgB2robA2MB+kEtGYYOcfJJLO6RoYAGRjJjcvuncnsKl3A6Vo+j4QvD5OsIy7vNQOkMe4udICTmSU6E1FruFonfR9Nu9bex9Nu9MscWtFXUA7U8iwZex9Nu9K6dtbLC0nvwCwtMuqyzuxKoGMAoGjcp8T2HhCMsA2nPDnbap7bOk3eiw3ojci7Z0G7k0mthYYWm9Ib1OYgtD2kWmY5p7tnQbuSvbE3C7aXHIBqUrrI1VjCRpZatClKpaulyNlniVGKFrZS2RoqRVo1K9zH0G7kk5SWRukO1oaKNAA7Fqncx9Bu5FzH0ArzwTgohTuY+ipljHGzG2p1uqaBJtoaSZV7w2goS45ALGsJIc81dqGoLBAwDEEnbUrblg1HiKVSe4YKIU7pv5uIouW7XcRVXLgWCiFJ0bQCS94A12ikbGXmtp4ZTIuxKTk1ih0hy8vNmPLW7yShohnFObIKGp1pxCAKBzwOwpJILTCA99cxjrUtS3rI01sXQoRC8jDrbwTnjkU92esfvCpSbV0TRRK5wY2pyU38nC8eXHICmPgsbC40c+Q2h3YJOT2SHS7jBpkILxRupvmqqdh/Wu3BFh/WncE1jsDKIU7D+s/SEWJOt/Snb4FXmUU3vINlgq79khMhfZa8GmZs5LWRPZlIO2rc/FTqb2Q6S3HYyzUk1ccynU7MnTbw/dFJem3hTTrsL9yijDyJHxbDaHcfumpL0mbj5qUt4xzZSWcnA0ByKmTrNFJdjoU8ZuyP/AO77JKSytqbIbsxFVT2v9PxTvV2wKqHAoKBap+12M3lFZtjN5VahUUQp1l6LOI+SV0kjaVY2pyAdmhySCij3hgxxJyG1Kxhrbfi4+CVokDi5zGl2rlZJrUvVjiU3btjrgohTtSdX+pFuTqv1KtSFRRCnbf1Z3hI6SR1WsYQRmajBJzSGosZ5tkxt+o7FmjcmMx62Gi1pLG0ETqd4U7bm6RW7cA8UpUZj7KG6akx1ijpQp3h6t/h5ovT1b9wWmpE0yiwkNBJNAEhloKlj9ynbvHVcx9kZCmfak5pDUSjQXutuBAHNB/dUU7z8j+FF6Og/hKE0gabKIU70dF/CUXzdjuEp6lyKmUSSOIo1vOOXZ2pXTsaPiJ1ChxSskY3FxJcczZKlzWyY1F7lWMDBTMnM7UynfM2+BRfx9LwT1RXcVMcgOBByOCno5JhAObeSfktvo+kFJksbZpBaFl1HDvyKTkk07Gk6OlS9678jTvKWSZjjYDwAczXUnEsTQAHtAHahyTdWFNFEJL2Ppt3ovY+m3eq1LkVMdCW8Z0270XjOm3enaCmDyGtq4VSxxgVLgLRzStc177ZIsjmiviqWm9Ib1Kpux7YAtac2jciwzot3LajaEVG0KqQsimNhzY3ci6j6tu5Ole6w2tKnIDaUmluwtkpIo3uEYY3aTQYBLo8MZio6NpLSQSWjarMbZGOLjiSlj5M8rdtHD9v4WelWm0VbqjbiHqmcIWerw9U3cqoWmiPBOp8kvV4eqbuWerQD8NqspSctwjGWbu5S4xXYab5Jx6PE+riwUOQ7E3qsHVjeVZahdOPAa3yR9Vh6HiVnqkHQ/UVdCfu4cINUuSHqkPRPEVOTRYmgBoNo4DlFdSmzluMmrJqmXThtQ1KXInqcWx3EVnqcW1/EulCfuocC1y5Of1OL829Si0WNzpGlz+S6mepdqk3DSXjpNBUy6ULWClOWcieqM6cm9TGitdI4CSSy3t1rpkdZbUZ5DvRGywwNz2nah9KDdULXKtyXqjetl3jyWeqf1pN66UKvdQ4Frkc/qx6+Tes9Vd18i6UI91ENbOV0LmMLjpElAhujS0qZ3AnNWfy3tZqHKKop93FsetnPcS/9Q7csME2rSHbvuulCr3UfTYtbOe4m/wCoPD91hhn1aR+ldKEe6j6bDWzkdHOXCMzA1xPJWXc4nIEoqW1Jorx8pznnWaDuQ/DSYztaR+yzfTVX/svU9iYj0nrm8KCzStUrNy6ULT3a5fzI1HMG6V1jNyC3StT410pJXWYyRnkO9JwSV2/mPV5HPGNJJc8GPHCp7PkmI0vbGVdjbLA3YEyF08bsHLOxzD1vZHvW10rox710IT935sWryOYO0roM3rJH6SG0LGY4YFdSm7lSsbs5RUyg63Y1LyJNdpQAF0yg7Vt5pPUt4l0IVe7f5mGryOa80nqBxDzSTST0YXQ0o4UxC7FHSfdA7HNPiFM4NRfif0HGSvYS+n/6c70t9KZK3Bq0ZV2rrU4sS92137YIcHhavsJSXBK/m/6d29bfy/8ATu3roQq0S/N9halwc3rMn/TvW+sP/wCneuhCNMvzBa4Ob1pwFTo8m4rI5y2MC5kPbZKtMaRO7qJwKADYp0yv4h2q2Of1v+lJuW+tDqpOFdCFWmf5voK48HN643oP4VvrbOhJwroQjTPn6BceDkfpcZc3B2BqcE/rkWx25UdjOwbASqKUp28/QbceDjh0uJkYa6tRXV2qnrsPSO5Po/uR3n91VEFPSs/T+xycb2Of1yHpI9cg6avQHUEWRsCqp8r5f2TceDmZpUILyXjF1U40uDpjcmiY02iWg8o5hPYZ0W7lMVOt0N6SfrUHWDcgaTCfxAnMcZzY3ci6j6tu5V/yeQvCJ6zD1gSyzxOicA8EqhhiOcbOEJJYYhE4iNgP9oUy109hrTY1/F0wtE0R+Nu9YYIT+Ezcj1eHqm7lX/J5C8Jt9H0271t7H0270p0aE/ht3LPVoeraj/k8g8Ir5GGeLltwrrTB7L8m22lnb2qbtHiOkNbYFLJJHzC06NCJgLGBacKlZ+O3tuX4S94zpt3ots6Td6kdEgPweJR6pB0DxFaX1OF6/YjwlbTekN6LTTrG9S9Uh6J4is9Th2O4ii+pwvn/AEFR5LEgilUsJrEzbSin6nF+biKSPRIyDUuqCRmpud7fUdRrc60Ln9Ti2v3rPUo+k/eq1T4+oqjydKFz+qM6cm9Z6m3rJN48kap8fUKjyVkwf'... 418827 more characters,
    likes: 0,
    created_at: '2026-03-01T22:41:00.988134+00:00'
  }
]

2. Testing Write...
WRITE SUCCESS: Anyone can publish levels!
